bjorn@cab688 214) srun -ppdebug -n 16 ./sw4opt inverse.in
----------------------------------------------------------------
            sw4 version 1.09

 This program comes with ABSOLUTELY NO WARRANTY; released under GPL.
 This is free software, and you are welcome to redistribute     
 it under certain conditions, see LICENSE.txt for more details  
----------------------------------------------------------------
  Compiled on: Tue Aug 26 10:19:56 PDT 2014
  By user:     bjorn
  Machine:     cab690
  Compiler:    /usr/local/bin/mpiicpc
  3rd party include dir: /usr/apps/wpp/include, and library dir: /usr/apps/wpp/lib
----------------------------------------------------------------

Input file: inverse.in

* Processing the grid command...
* Setting nx to 51 to be consistent with h=0.02
* Setting ny to 51 to be consistent with h=0.02
* Setting nz to 76 to be consistent with h=0.02
***inside extractTopographyFromCartesianFile***
Nx=55 Ny=55
xMin=-4.000000e-02, xMax=1.040000e+00
yMin=-4.000000e-02, yMax=1.040000e+00
elevMin=6.201611e-20, evalMax=2.000000e-01

***Topography grid: min z = -2.000000e-01, max z = -6.201611e-20, top Cartesian z = 7.000000e-01

Global grid sizes (without ghost points)
Grid         h        Nx        Ny        Nz       Points
   0      0.02        51        51        41       106641
   1      0.02        51        51        40       104040
Total number of grid points (without ghost points): 210681

Default Supergrid thickness has been tuned; thickness = 5 grid sizes
Default Supergrid damping coefficient has been tuned; damping coefficient = 0.001

   Execution time, reading input file 0.090459 seconds 
----------------------------------------------------
 Making Output Directory: opt-run/

... Done!
----------------------------------------------------
Geographic and Cartesian coordinates of the corners of the computational grid:
0: Lon= 1.180000e+02, Lat=3.700000e+01, x=0.000000e+00, y=0.000000e+00
1: Lon= 1.180000e+02, Lat=3.700001e+01, x=1.000000e+00, y=0.000000e+00
2: Lon= 1.180000e+02, Lat=3.700001e+01, x=1.000000e+00, y=1.000000e+00
3: Lon= 1.180000e+02, Lat=3.700000e+01, x=0.000000e+00, y=1.000000e+00

Considering all material blocks
block command: outside = 0, material = 399521
block command: outside = 307316, material = 92205

       ----------- Material properties ranges ---------------
       0.9 kg/m^3 <=  Density <= 1 kg/m^3
       0.8 m/s    <=  Vp      <= 1 m/s
       0.4 m/s    <=  Vs      <= 0.5 m/s
       2        <=  Vp/Vs   <= 2
       0.144 Pa     <=  mu      <= 0.25 Pa
       0.288 Pa     <=  lambda  <= 0.5 Pa
       ------------------------------------------------------

***** PPW = minVs/h/maxFrequency ********
g=0, h=2.000000e-02, minVs/h=25 (Cartesian)
g=1, h=2.000000e-02, minVs/h=20 (curvilinear)

   Execution time, start up phase 0.020197 seconds 
Running sw4opt on 16 processors...
Writing output to directory: opt-run/
EW reference UTC is  08/26/2014:21:15:51.0
Initial source guess : 
   x0 = 0.61 y0 = 0.41 z0 = 0.022
  mxx = -0.41 mxy= -0.8 mxz= -0.3
  myy = 0.2 myz= 0.4 mzz= 0.2
   t0 = 0.01 freq = 1.05

*** Computing scale factors...
Solving forward problem for evaluating misfit
   Execution time, solver phase 3.95731 seconds 
Solving one backwards problem to calculate H2...
**** Starting the calculation of H1...
Solving forward problem no. 1
   Execution time, solver phase 3.93281 seconds 
Solving forward problem no. 2
   Execution time, solver phase 3.93921 seconds 
Solving forward problem no. 3
   Execution time, solver phase 3.93859 seconds 
Solving forward problem no. 4
   Execution time, solver phase 3.93561 seconds 
Solving forward problem no. 5
   Execution time, solver phase 3.93133 seconds 
Solving forward problem no. 6
   Execution time, solver phase 3.94061 seconds 
Solving forward problem no. 7
   Execution time, solver phase 3.93735 seconds 
Solving forward problem no. 8
   Execution time, solver phase 3.93454 seconds 
Solving forward problem no. 9
   Execution time, solver phase 3.92891 seconds 
Solving forward problem no. 10
   Execution time, solver phase 3.92798 seconds 
Solving forward problem no. 11
   Execution time, solver phase 3.93847 seconds 
scalefactors x0=2.86208e-05 y0=3.26936e-05 z0=3.38845e-05 Mxx=0.000865431 Mxy=0.000508966 Mxz=0.000357796 Myy=0.000919443 Myz=0.000473132 Mzz=0.000784387 t0=5.15018e-05 freq=0.000108809
Begin CG iteration by evaluating initial misfit and gradient...
   Execution time, solver phase 4.03795 seconds 
-----------------------------------------------------------------------
Misfit= 90281.4
 Scaled gradient = 75.2784 279.412 30.7825 29.5385 141.058 29.1202 
      -67.7109 3.19773 33.6127 -146.372 181.535 
Step length computation b) 
   Execution time, solver phase 3.93592 seconds 
Line search.. 
   Execution time, solver phase 3.94206 seconds 
 .. return code 0 misfit changed from 90281.4 to 86258.2
   Execution time, solver phase 3.94035 seconds 
-----------------------------------------------------------------------
 it=1,1 dfnorm= 273.432 dxnorm= 0.0181444
  x = 0.609947 0.409776 0.0219744 -0.410627 -0.80176 -0.300255 
      0.201526 0.399963 0.199354 0.0101848 1.04952 
-----------------------------------------------------------------------
Misfit= 86258.2
 Scaled gradient = 73.8771 273.432 33.1576 28.4803 137.354 29.6021 
      -63.8866 3.3928 30.8935 -140.368 175.452 
Step length computation b) 
   Execution time, solver phase 3.93998 seconds 
Line search.. 
   Execution time, solver phase 3.93949 seconds 
 .. return code 0 misfit changed from 86258.2 to 82346.7
   Execution time, solver phase 3.94145 seconds 
-----------------------------------------------------------------------
 it=1,2 dfnorm= 267.43 dxnorm= 0.0176972
  x = 0.609894 0.409551 0.0219475 -0.411251 -0.803521 -0.300517 
      0.203029 0.399924 0.198725 0.0103683 1.04903 
-----------------------------------------------------------------------
Misfit= 82346.7
 Scaled gradient = 72.481 267.43 35.4543 27.403 133.601 30.0496 
      -60.0997 3.6129 28.2309 -134.391 169.39 
Step length computation b) 
   Execution time, solver phase 3.93516 seconds 
Line search.. 
   Execution time, solver phase 3.93553 seconds 
 .. return code 0 misfit changed from 82346.7 to 78546.5
   Execution time, solver phase 3.93619 seconds 
-----------------------------------------------------------------------
 it=1,3 dfnorm= 261.409 dxnorm= 0.0172624
  x = 0.609841 0.409326 0.0219191 -0.411871 -0.805283 -0.300784 
      0.204508 0.399883 0.198116 0.0105504 1.04855 
-----------------------------------------------------------------------
Misfit= 78546.5
 Scaled gradient = 71.0902 261.409 37.6706 26.307 129.8 30.4625 
      -56.3512 3.85774 25.6257 -128.446 163.352 
Step length computation b) 
   Execution time, solver phase 3.93079 seconds 
Line search.. 
   Execution time, solver phase 3.94292 seconds 
 .. return code 0 misfit changed from 78546.5 to 74857.2
   Execution time, solver phase 4.04063 seconds 
-----------------------------------------------------------------------
 it=1,4 dfnorm= 255.367 dxnorm= 0.0168388
  x = 0.609787 0.4091 0.0218892 -0.412489 -0.807045 -0.301057 
      0.205962 0.399841 0.197525 0.0107311 1.04807 
-----------------------------------------------------------------------
Misfit= 74857.2
 Scaled gradient = 69.7046 255.367 39.8045 25.1925 125.951 30.8406 
      -52.6419 4.12705 23.0789 -122.534 157.341 
Step length computation b) 
   Execution time, solver phase 3.93015 seconds 
Line search.. 
   Execution time, solver phase 3.93524 seconds 
 .. return code 0 misfit changed from 74857.2 to 71278.2
   Execution time, solver phase 3.93763 seconds 
-----------------------------------------------------------------------
 it=1,5 dfnorm= 249.304 dxnorm= 0.0164254
  x = 0.609733 0.408873 0.0218578 -0.413103 -0.808808 -0.301337 
      0.207391 0.399796 0.196954 0.0109103 1.04759 
-----------------------------------------------------------------------
Misfit= 71278.2
 Scaled gradient = 68.3244 249.304 41.8537 24.0598 122.053 31.1837 
      -48.973 4.42052 20.5912 -116.66 151.361 
Step length computation b) 
   Execution time, solver phase 3.93978 seconds 
Line search.. 
   Execution time, solver phase 3.9376 seconds 
 .. return code 0 misfit changed from 71278.2 to 67808.9
   Execution time, solver phase 3.93799 seconds 
-----------------------------------------------------------------------
 it=1,6 dfnorm= 243.222 dxnorm= 0.0160214
  x = 0.609679 0.408645 0.0218248 -0.413712 -0.810571 -0.301624 
      0.208792 0.399748 0.196403 0.011088 1.04712 
-----------------------------------------------------------------------
Misfit= 67808.9
 Scaled gradient = 66.9497 243.222 43.8158 22.9092 118.109 31.4916 
      -45.3458 4.73788 18.1637 -110.826 145.415 
Step length computation b) 
   Execution time, solver phase 3.93679 seconds 
Line search.. 
   Execution time, solver phase 3.9352 seconds 
 .. return code 0 misfit changed from 67808.9 to 64448.6
   Execution time, solver phase 3.93966 seconds 
-----------------------------------------------------------------------
 it=1,7 dfnorm= 237.118 dxnorm= 0.0156258
  x = 0.609625 0.408417 0.0217901 -0.414318 -0.812333 -0.301917 
      0.210165 0.399697 0.195873 0.011264 1.04665 
-----------------------------------------------------------------------
Misfit= 64448.6
 Scaled gradient = 65.5803 237.118 45.6883 21.7412 114.116 31.764 
      -41.7614 5.07879 15.7975 -105.036 139.507 
Step length computation b) 
   Execution time, solver phase 3.93983 seconds 
Line search.. 
   Execution time, solver phase 4.04425 seconds 
 .. return code 0 misfit changed from 64448.6 to 61196.9
   Execution time, solver phase 3.93917 seconds 
-----------------------------------------------------------------------
 it=1,8 dfnorm= 230.993 dxnorm= 0.0152377
  x = 0.60957 0.408188 0.0217538 -0.414918 -0.814095 -0.302217 
      0.211509 0.399644 0.195364 0.0114383 1.04617 
-----------------------------------------------------------------------
Misfit= 61196.9
 Scaled gradient = 64.2163 230.993 47.4686 20.556 110.076 32.0006 
      -38.2213 5.44293 13.4936 -99.2952 133.64 
Step length computation b) 
   Execution time, solver phase 3.94091 seconds 
Line search.. 
   Execution time, solver phase 3.93974 seconds 
 .. return code 0 misfit changed from 61196.9 to 58052.8
   Execution time, solver phase 3.93669 seconds 
-----------------------------------------------------------------------
 it=1,9 dfnorm= 224.847 dxnorm= 0.0148563
  x = 0.609515 0.407957 0.0217157 -0.415512 -0.815856 -0.302525 
      0.212822 0.399587 0.194878 0.0116108 1.0457 
-----------------------------------------------------------------------
Misfit= 58052.8
 Scaled gradient = 62.8576 224.847 49.1539 19.3542 105.99 32.2011 
      -34.7272 5.82995 11.2533 -93.6063 127.819 
Step length computation b) 
   Execution time, solver phase 3.93704 seconds 
Line search.. 
   Execution time, solver phase 3.93288 seconds 
 .. return code 0 misfit changed from 58052.8 to 55015.7
   Execution time, solver phase 3.93598 seconds 
-----------------------------------------------------------------------
 it=1,10 dfnorm= 218.677 dxnorm= 0.0144807
  x = 0.609459 0.407726 0.0216759 -0.416101 -0.817614 -0.30284 
      0.214103 0.399526 0.194414 0.0117814 1.04524 
-----------------------------------------------------------------------
Misfit= 55015.7
 Scaled gradient = 61.5043 218.677 50.7413 18.1364 101.857 32.3652 
      -31.2808 6.23946 9.07789 -87.9741 122.048 
Step length computation b) 
   Execution time, solver phase 3.93827 seconds 
Line search.. 
   Execution time, solver phase 3.93984 seconds 
 .. return code 0 misfit changed from 55015.7 to 52084.9
   Execution time, solver phase 3.94062 seconds 
-----------------------------------------------------------------------
 it=1,11 dfnorm= 212.484 dxnorm= 0.0141101
  x = 0.609404 0.407494 0.0216341 -0.416683 -0.819371 -0.303162 
      0.215351 0.399462 0.193975 0.01195 1.04477 
-----------------------------------------------------------------------
Misfit= 52084.9
 Scaled gradient = 60.1563 212.484 52.2276 16.9032 97.6782 32.4926 
      -27.8838 6.67101 6.96869 -82.403 116.333 
Step length computation b) 
   Execution time, solver phase 4.04039 seconds 
Line search.. 
   Execution time, solver phase 3.93812 seconds 
 .. return code 0 misfit changed from 52084.9 to 49243.7
   Execution time, solver phase 3.93981 seconds 
-----------------------------------------------------------------------
 it=2,1 dfnorm= 206.071 dxnorm= 0.0121357
  x = 0.609344 0.407254 0.0215729 -0.417189 -0.821091 -0.303565 
      0.216238 0.399352 0.193786 0.0120968 1.04433 
-----------------------------------------------------------------------
Misfit= 49243.7
 Scaled gradient = 58.8826 206.071 52.7821 15.6394 93.3461 32.4018 
      -24.976 7.12573 5.39972 -77.8198 111.575 
Step length computation b) 
   Execution time, solver phase 3.94463 seconds 
Line search.. 
   Execution time, solver phase 3.93627 seconds 
 .. return code 0 misfit changed from 49243.7 to 46501.7
   Execution time, solver phase 3.93358 seconds 
-----------------------------------------------------------------------
 it=2,2 dfnorm= 199.646 dxnorm= 0.0118576
  x = 0.609284 0.407013 0.0215102 -0.417684 -0.822801 -0.303973 
      0.217092 0.399237 0.193616 0.0122419 1.0439 
-----------------------------------------------------------------------
Misfit= 46501.7
 Scaled gradient = 57.6071 199.646 53.264 14.3718 88.9888 32.2789 
      -22.1179 7.59273 3.88406 -73.2763 106.853 
Step length computation b) 
   Execution time, solver phase 3.94076 seconds 
Line search.. 
   Execution time, solver phase 3.94478 seconds 
 .. return code 0 misfit changed from 46501.7 to 43858.3
   Execution time, solver phase 3.93913 seconds 
-----------------------------------------------------------------------
 it=2,3 dfnorm= 193.209 dxnorm= 0.0115807
  x = 0.609224 0.406772 0.021446 -0.418168 -0.824502 -0.304389 
      0.217912 0.399116 0.193465 0.0123854 1.04346 
-----------------------------------------------------------------------
Misfit= 43858.3
 Scaled gradient = 56.3293 193.209 53.6713 13.1013 84.6073 32.1235 
      -19.3114 8.07143 2.42285 -68.7762 102.17 
Step length computation b) 
   Execution time, solver phase 3.93881 seconds 
Line search.. 
   Execution time, solver phase 3.93842 seconds 
 .. return code 0 misfit changed from 43858.3 to 41312.9
   Execution time, solver phase 3.93763 seconds 
-----------------------------------------------------------------------
 it=2,4 dfnorm= 186.759 dxnorm= 0.0113046
  x = 0.609163 0.40653 0.0213803 -0.41864 -0.826192 -0.304812 
      0.218696 0.398988 0.193335 0.012527 1.04303 
-----------------------------------------------------------------------
Misfit= 41312.9
 Scaled gradient = 55.0489 186.759 54.0018 11.829 80.203 31.9351 
      -16.5591 8.56115 1.01732 -64.3234 97.5295 
Step length computation b) 
   Execution time, solver phase 3.9412 seconds 
Line search.. 
   Execution time, solver phase 3.93798 seconds 
 .. return code 0 misfit changed from 41312.9 to 38865
   Execution time, solver phase 3.93684 seconds 
-----------------------------------------------------------------------
 it=2,5 dfnorm= 180.294 dxnorm= 0.0110286
  x = 0.609101 0.406287 0.0213129 -0.419098 -0.82787 -0.305243 
      0.219443 0.398852 0.193226 0.0126667 1.0426 
-----------------------------------------------------------------------
Misfit= 38865
 Scaled gradient = 53.7653 180.294 54.2531 10.5559 75.7775 31.7133 
      -13.8633 9.06114 -0.33119 -59.9221 92.9364 
Step length computation b) 
   Execution time, solver phase 3.93416 seconds 
Line search.. 
   Execution time, solver phase 3.94195 seconds 
 .. return code 0 misfit changed from 38865 to 36513.9
   Execution time, solver phase 3.93823 seconds 
-----------------------------------------------------------------------
 it=2,6 dfnorm= 173.814 dxnorm= 0.010752
  x = 0.60904 0.406044 0.0212439 -0.419542 -0.829535 -0.305681 
      0.22015 0.398709 0.193139 0.0128043 1.04217 
-----------------------------------------------------------------------
Misfit= 36513.9
 Scaled gradient = 52.4779 173.814 54.4229 9.28353 71.3325 31.4577 
      -11.227 9.5705 -1.62126 -55.5766 88.3951 
Step length computation b) 
   Execution time, solver phase 3.94488 seconds 
Line search.. 
   Execution time, solver phase 3.93294 seconds 
 .. return code 0 misfit changed from 36513.9 to 34259
   Execution time, solver phase 3.94236 seconds 
-----------------------------------------------------------------------
 it=2,7 dfnorm= 167.315 dxnorm= 0.0104741
  x = 0.608977 0.405801 0.0211731 -0.419971 -0.831187 -0.306127 
      0.220816 0.398557 0.193075 0.0129399 1.04174 
-----------------------------------------------------------------------
Misfit= 34259
 Scaled gradient = 51.1861 167.315 54.5087 8.01317 66.8699 31.1677 
      -8.65303 10.0882 -2.85134 -51.2916 83.9105 
Step length computation b) 
   Execution time, solver phase 3.93972 seconds 
Line search.. 
   Execution time, solver phase 3.94013 seconds 
 .. return code 0 misfit changed from 34259 to 32099.3
   Execution time, solver phase 3.93786 seconds 
-----------------------------------------------------------------------
 it=2,8 dfnorm= 160.799 dxnorm= 0.0101943
  x = 0.608914 0.405556 0.0211004 -0.420383 -0.832822 -0.306582 
      0.221439 0.398396 0.193034 0.0130732 1.04131 
-----------------------------------------------------------------------
Misfit= 32099.3
 Scaled gradient = 49.8894 160.799 54.5079 6.74645 62.3918 30.8427 
      -6.14484 10.6131 -4.01978 -47.0723 79.4877 
Step length computation b) 
   Execution time, solver phase 3.94 seconds 
Line search.. 
   Execution time, solver phase 3.94172 seconds 
 .. return code 0 misfit changed from 32099.3 to 30034.3
   Execution time, solver phase 3.93315 seconds 
-----------------------------------------------------------------------
 it=2,9 dfnorm= 154.262 dxnorm= 0.00991177
  x = 0.608851 0.405312 0.0210259 -0.420778 -0.83444 -0.307045 
      0.222015 0.398225 0.193018 0.013204 1.04089 
-----------------------------------------------------------------------
Misfit= 30034.3
 Scaled gradient = 48.5868 154.262 54.4175 5.48515 57.901 30.4821 
      -3.70604 11.1437 -5.12478 -42.9238 75.1322 
Step length computation b) 
   Execution time, solver phase 3.93385 seconds 
Line search.. 
   Execution time, solver phase 3.9396 seconds 
 .. return code 0 misfit changed from 30034.3 to 28063
   Execution time, solver phase 3.93166 seconds 
-----------------------------------------------------------------------
 it=2,10 dfnorm= 147.703 dxnorm= 0.00962565
  x = 0.608786 0.405066 0.0209493 -0.421154 -0.83604 -0.307518 
      0.222543 0.398043 0.193028 0.0133324 1.04047 
-----------------------------------------------------------------------
Misfit= 28063
 Scaled gradient = 47.2777 147.703 54.2349 4.23124 53.4001 30.0852 
      -1.34066 11.6785 -6.16441 -38.8519 70.8498 
Step length computation b) 
   Execution time, solver phase 3.93701 seconds 
Line search.. 
   Execution time, solver phase 3.93792 seconds 
 .. return code 0 misfit changed from 28063 to 26184.4
   Execution time, solver phase 3.93588 seconds 
-----------------------------------------------------------------------
 it=2,11 dfnorm= 141.123 dxnorm= 0.00933505
  x = 0.608722 0.40482 0.0208706 -0.421509 -0.837619 -0.308 
      0.223019 0.39785 0.193064 0.013458 1.04005 
-----------------------------------------------------------------------
Misfit= 26184.4
 Scaled gradient = 45.9612 141.123 53.957 2.98694 48.8928 29.6512 
      0.946927 12.2157 -7.13662 -34.8626 66.6468 
Step length computation b) 
   Execution time, solver phase 3.93323 seconds 
Line search.. 
   Execution time, solver phase 3.93894 seconds 
 .. return code 0 misfit changed from 26184.4 to 24381.3
   Execution time, solver phase 4.04066 seconds 
-----------------------------------------------------------------------
 it=3,1 dfnorm= 134.513 dxnorm= 0.00717545
  x = 0.60865 0.40457 0.0207716 -0.421649 -0.838967 -0.308575 
      0.222972 0.397536 0.193367 0.0135553 1.03966 
-----------------------------------------------------------------------
Misfit= 24381.3
 Scaled gradient = 44.6058 134.513 52.8615 1.95603 44.6871 29.012 
      2.44564 12.542 -7.54175 -31.9649 63.4989 
Step length computation b) 
   Execution time, solver phase 3.92895 seconds 
Line search.. 
   Execution time, solver phase 3.93546 seconds 
 .. return code 0 misfit changed from 24381.3 to 22663.6
   Execution time, solver phase 3.93381 seconds 
-----------------------------------------------------------------------
 it=3,2 dfnorm= 127.902 dxnorm= 0.00698488
  x = 0.608578 0.40432 0.0206712 -0.421767 -0.840286 -0.309157 
      0.222884 0.397211 0.193687 0.0136506 1.03927 
-----------------------------------------------------------------------
Misfit= 22663.6
 Scaled gradient = 43.2336 127.902 51.7213 0.945137 40.5021 28.3399 
      3.87711 12.8619 -7.90267 -29.1031 60.3855 
Step length computation b) 
   Execution time, solver phase 3.93766 seconds 
Line search.. 
   Execution time, solver phase 3.94455 seconds 
 .. return code 0 misfit changed from 22663.6 to 21030.6
   Execution time, solver phase 3.93671 seconds 
-----------------------------------------------------------------------
 it=3,3 dfnorm= 121.289 dxnorm= 0.00678795
  x = 0.608506 0.40407 0.0205693 -0.42186 -0.841575 -0.309748 
      0.222752 0.396872 0.194025 0.0137439 1.03887 
-----------------------------------------------------------------------
Misfit= 21030.6
 Scaled gradient = 41.8436 121.289 50.5354 -0.0432363 36.3428 27.6342 
      5.23721 13.1729 -8.21804 -26.2811 57.3103 
Step length computation b) 
   Execution time, solver phase 4.00074 seconds 
Line search.. 
   Execution time, solver phase 3.93691 seconds 
 .. return code 0 misfit changed from 21030.6 to 19481.8
   Execution time, solver phase 3.932 seconds 
-----------------------------------------------------------------------
 it=3,4 dfnorm= 114.676 dxnorm= 0.00658367
  x = 0.608432 0.403821 0.0204658 -0.421928 -0.842829 -0.310346 
      0.222574 0.39652 0.19438 0.013835 1.03848 
-----------------------------------------------------------------------
Misfit= 19481.8
 Scaled gradient = 40.4345 114.676 49.3028 -1.0063 32.2146 26.8942 
      6.52144 13.4724 -8.48641 -23.503 54.2773 
Step length computation b) 
   Execution time, solver phase 3.93472 seconds 
Line search.. 
   Execution time, solver phase 4.04214 seconds 
 .. return code 0 misfit changed from 19481.8 to 18016.3
   Execution time, solver phase 3.94412 seconds 
-----------------------------------------------------------------------
 it=3,5 dfnorm= 108.064 dxnorm= 0.00637089
  x = 0.608358 0.403571 0.0203608 -0.421968 -0.844047 -0.310954 
      0.222348 0.396151 0.194755 0.0139237 1.03809 
-----------------------------------------------------------------------
Misfit= 18016.3
 Scaled gradient = 39.0049 108.064 48.0225 -1.94096 28.1239 26.119 
      7.72486 13.7574 -8.70624 -20.7733 51.2909 
Step length computation b) 
   Execution time, solver phase 3.94412 seconds 
Line search.. 
   Execution time, solver phase 3.93983 seconds 
 .. return code 0 misfit changed from 18016.3 to 16633.3
   Execution time, solver phase 3.94768 seconds 
-----------------------------------------------------------------------
 it=3,6 dfnorm= 101.454 dxnorm= 0.00614827
  x = 0.608284 0.403322 0.0202539 -0.421978 -0.845224 -0.311571 
      0.22207 0.395766 0.19515 0.0140098 1.0377 
-----------------------------------------------------------------------
Misfit= 16633.3
 Scaled gradient = 37.5533 101.454 46.6934 -2.84377 24.0781 25.3078 
      8.84201 14.0242 -8.87586 -18.0968 48.3558 
Step length computation b) 
   Execution time, solver phase 3.94126 seconds 
Line search.. 
   Execution time, solver phase 3.93853 seconds 
 .. return code 0 misfit changed from 16633.3 to 15331.9
   Execution time, solver phase 3.94478 seconds 
-----------------------------------------------------------------------
 it=3,7 dfnorm= 94.85 dxnorm= 0.00591427
  x = 0.608208 0.403073 0.0201453 -0.421956 -0.846358 -0.312197 
      0.221737 0.395363 0.195565 0.0140932 1.0373 
-----------------------------------------------------------------------
Misfit= 15331.9
 Scaled gradient = 36.0782 94.85 45.3146 -3.71088 20.0855 24.4598 
      9.86688 14.2688 -8.99352 -15.4789 45.4772 
Step length computation b) 
   Execution time, solver phase 3.94343 seconds 
Line search.. 
   Execution time, solver phase 3.93867 seconds 
 .. return code 0 misfit changed from 15331.9 to 14111.1
   Execution time, solver phase 3.93467 seconds 
-----------------------------------------------------------------------
 it=3,8 dfnorm= 88.2549 dxnorm= 0.00566708
  x = 0.608131 0.402825 0.0200346 -0.421899 -0.847443 -0.312834 
      0.221346 0.394939 0.196002 0.0141735 1.03691 
-----------------------------------------------------------------------
Misfit= 14111.1
 Scaled gradient = 34.5778 88.2549 43.8853 -4.53797 16.1559 23.574 
      10.7928 14.4863 -9.05733 -12.9252 42.6604 
Step length computation b) 
   Execution time, solver phase 4.0411 seconds 
Line search.. 
   Execution time, solver phase 3.94122 seconds 
 .. return code 0 misfit changed from 14111.1 to 12969.6
   Execution time, solver phase 3.93994 seconds 
-----------------------------------------------------------------------
 it=3,9 dfnorm= 81.674 dxnorm= 0.00565914
  x = 0.608053 0.402577 0.0199219 -0.421804 -0.848474 -0.313481 
      0.220893 0.394494 0.196462 0.0142505 1.03652 
-----------------------------------------------------------------------
Misfit= 12969.6
 Scaled gradient = 33.0505 81.674 42.4045 -5.32021 12.3005 22.6494 
      11.6125 14.6713 -9.0653 -10.4423 39.9116 
Step length computation b) 
   Execution time, solver phase 3.94024 seconds 
Line search.. 
   Execution time, solver phase 3.94254 seconds 
 .. return code 0 misfit changed from 12969.6 to 11906.1
   Execution time, solver phase 3.94288 seconds 
-----------------------------------------------------------------------
 it=3,10 dfnorm= 75.1141 dxnorm= 0.00580588
  x = 0.607975 0.40233 0.0198069 -0.421667 -0.849446 -0.314139 
      0.220374 0.394026 0.196945 0.0143239 1.03613 
-----------------------------------------------------------------------
Misfit= 11906.1
 Scaled gradient = 31.4942 75.1141 40.8717 -6.05216 8.53242 21.6851 
      12.3179 14.8175 -9.01535 -8.03696 37.2374 
Step length computation b) 
   Execution time, solver phase 3.9432 seconds 
Line search.. 
   Execution time, solver phase 3.94385 seconds 
 .. return code 0 misfit changed from 11906.1 to 10919
   Execution time, solver phase 3.93962 seconds 
-----------------------------------------------------------------------
 it=3,11 dfnorm= 68.5835 dxnorm= 0.00596339
  x = 0.607895 0.402084 0.0196895 -0.421486 -0.850352 -0.31481 
      0.219785 0.393531 0.197453 0.0143933 1.03573 
-----------------------------------------------------------------------
Misfit= 10919
 Scaled gradient = 29.907 68.5835 39.2863 -6.72773 4.86679 20.68 
      12.9 14.9177 -8.90533 -5.71698 34.6448 
============================================================
 sw4opt ( Source estimation solver) finished! 
============================================================
